<?xml version="1.0" encoding="UTF-8"?>
<TestRun id="c94ed5be-46e1-4d44-b7cd-5988f4a139f1" name="ian@TOTORO 2012-05-21 21:02:31" runUser="Totoro\ian" xmlns="http://microsoft.com/schemas/VisualStudio/TeamTest/2010">
  <TestSettings name="Local" id="11536784-1d12-4def-b3ac-03a9ba87e86a">
    <Description>These are default test settings for a local test run.</Description>
    <Deployment enabled="false" runDeploymentRoot="ian_TOTORO 2012-05-21 21_02_31">
      <DeploymentItem filename="C:\Users\ian\Desktop\Classes\311\PathPlanner\PathPlanner\bin\Debug\PathPlanner.exe" />
    </Deployment>
    <Execution>
      <TestTypeSpecific />
      <AgentRule name="Execution Agents">
      </AgentRule>
    </Execution>
  </TestSettings>
  <Times creation="2012-05-21T21:02:31.3201511-05:00" queuing="2012-05-21T21:02:31.3669511-05:00" start="2012-05-21T21:02:31.3825512-05:00" finish="2012-05-21T21:02:31.7413518-05:00" />
  <ResultSummary outcome="Failed">
    <Counters total="4" executed="4" passed="2" error="0" failed="1" timeout="0" aborted="0" inconclusive="1" passedButRunAborted="0" notRunnable="0" notExecuted="0" disconnected="0" warning="0" completed="0" inProgress="0" pending="0" />
  </ResultSummary>
  <TestDefinitions>
    <UnitTest name="CountTest" storage="c:\users\ian\desktop\classes\311\pathplanner\tests\bin\debug\tests.dll" id="d5c434d6-1448-5201-3bdb-4e299f8d2027">
      <Execution id="d40e1349-94cc-4e47-99c8-fbd8b2a144c4" />
      <TestMethod codeBase="C:/Users/ian/Desktop/Classes/311/PathPlanner/Tests/bin/Debug/Tests.DLL" adapterTypeName="Microsoft.VisualStudio.TestTools.TestTypes.Unit.UnitTestAdapter, Microsoft.VisualStudio.QualityTools.Tips.UnitTest.Adapter, Version=10.0.0.0, Culture=neutral, PublicKeyToken=b03f5f7f11d50a3a" className="Tests.BinaryHeapTest, Tests, Version=1.0.0.0, Culture=neutral, PublicKeyToken=null" name="CountTest" />
    </UnitTest>
    <UnitTest name="AddTest" storage="c:\users\ian\desktop\classes\311\pathplanner\tests\bin\debug\tests.dll" id="b78943db-1c83-c494-f291-366f6978fbf7">
      <Execution id="fe420f9b-df87-401e-9801-1c60e9f84756" />
      <TestMethod codeBase="C:/Users/ian/Desktop/Classes/311/PathPlanner/Tests/bin/Debug/Tests.DLL" adapterTypeName="Microsoft.VisualStudio.TestTools.TestTypes.Unit.UnitTestAdapter, Microsoft.VisualStudio.QualityTools.Tips.UnitTest.Adapter, Version=10.0.0.0, Culture=neutral, PublicKeyToken=b03f5f7f11d50a3a" className="Tests.BinaryHeapTest, Tests, Version=1.0.0.0, Culture=neutral, PublicKeyToken=null" name="AddTest" />
    </UnitTest>
    <UnitTest name="DecreasePriorityTest" storage="c:\users\ian\desktop\classes\311\pathplanner\tests\bin\debug\tests.dll" id="be47755d-341b-cb4e-d640-71e0d3a7e074">
      <Execution id="a9e04985-cdb7-4616-80b3-e6eaec90ac3b" />
      <TestMethod codeBase="C:/Users/ian/Desktop/Classes/311/PathPlanner/Tests/bin/Debug/Tests.DLL" adapterTypeName="Microsoft.VisualStudio.TestTools.TestTypes.Unit.UnitTestAdapter, Microsoft.VisualStudio.QualityTools.Tips.UnitTest.Adapter, Version=10.0.0.0, Culture=neutral, PublicKeyToken=b03f5f7f11d50a3a" className="Tests.BinaryHeapTest, Tests, Version=1.0.0.0, Culture=neutral, PublicKeyToken=null" name="DecreasePriorityTest" />
    </UnitTest>
    <UnitTest name="ExtractMinTest" storage="c:\users\ian\desktop\classes\311\pathplanner\tests\bin\debug\tests.dll" id="4c224aa9-c68c-4bc0-c94b-2523c2251989">
      <Execution id="a82c4141-1ca6-4c03-87a1-79adca55fe2f" />
      <TestMethod codeBase="C:/Users/ian/Desktop/Classes/311/PathPlanner/Tests/bin/Debug/Tests.DLL" adapterTypeName="Microsoft.VisualStudio.TestTools.TestTypes.Unit.UnitTestAdapter, Microsoft.VisualStudio.QualityTools.Tips.UnitTest.Adapter, Version=10.0.0.0, Culture=neutral, PublicKeyToken=b03f5f7f11d50a3a" className="Tests.BinaryHeapTest, Tests, Version=1.0.0.0, Culture=neutral, PublicKeyToken=null" name="ExtractMinTest" />
    </UnitTest>
  </TestDefinitions>
  <TestLists>
    <TestList name="Results Not in a List" id="8c84fa94-04c1-424b-9868-57a2d4851a1d" />
    <TestList name="All Loaded Results" id="19431567-8539-422a-85d7-44ee4e166bda" />
  </TestLists>
  <TestEntries>
    <TestEntry testId="4c224aa9-c68c-4bc0-c94b-2523c2251989" executionId="a82c4141-1ca6-4c03-87a1-79adca55fe2f" testListId="8c84fa94-04c1-424b-9868-57a2d4851a1d" />
    <TestEntry testId="b78943db-1c83-c494-f291-366f6978fbf7" executionId="fe420f9b-df87-401e-9801-1c60e9f84756" testListId="8c84fa94-04c1-424b-9868-57a2d4851a1d" />
    <TestEntry testId="be47755d-341b-cb4e-d640-71e0d3a7e074" executionId="a9e04985-cdb7-4616-80b3-e6eaec90ac3b" testListId="8c84fa94-04c1-424b-9868-57a2d4851a1d" />
    <TestEntry testId="d5c434d6-1448-5201-3bdb-4e299f8d2027" executionId="d40e1349-94cc-4e47-99c8-fbd8b2a144c4" testListId="8c84fa94-04c1-424b-9868-57a2d4851a1d" />
  </TestEntries>
  <Results>
    <UnitTestResult executionId="a82c4141-1ca6-4c03-87a1-79adca55fe2f" testId="4c224aa9-c68c-4bc0-c94b-2523c2251989" testName="ExtractMinTest" computerName="TOTORO" duration="00:00:00.0171251" startTime="2012-05-21T21:02:31.4137512-05:00" endTime="2012-05-21T21:02:31.6321516-05:00" testType="13cdc9d9-ddb5-4fa4-a97d-d965ccfc6d4b" outcome="Passed" testListId="8c84fa94-04c1-424b-9868-57a2d4851a1d" relativeResultsDirectory="a82c4141-1ca6-4c03-87a1-79adca55fe2f">
    </UnitTestResult>
    <UnitTestResult executionId="fe420f9b-df87-401e-9801-1c60e9f84756" testId="b78943db-1c83-c494-f291-366f6978fbf7" testName="AddTest" computerName="TOTORO" duration="00:00:00.0036328" startTime="2012-05-21T21:02:31.6321516-05:00" endTime="2012-05-21T21:02:31.6633517-05:00" testType="13cdc9d9-ddb5-4fa4-a97d-d965ccfc6d4b" outcome="Passed" testListId="8c84fa94-04c1-424b-9868-57a2d4851a1d" relativeResultsDirectory="fe420f9b-df87-401e-9801-1c60e9f84756">
    </UnitTestResult>
    <UnitTestResult executionId="a9e04985-cdb7-4616-80b3-e6eaec90ac3b" testId="be47755d-341b-cb4e-d640-71e0d3a7e074" testName="DecreasePriorityTest" computerName="TOTORO" duration="00:00:00.0186403" startTime="2012-05-21T21:02:31.6633517-05:00" endTime="2012-05-21T21:02:31.6945517-05:00" testType="13cdc9d9-ddb5-4fa4-a97d-d965ccfc6d4b" outcome="Failed" testListId="8c84fa94-04c1-424b-9868-57a2d4851a1d" relativeResultsDirectory="a9e04985-cdb7-4616-80b3-e6eaec90ac3b">
      <Output>
        <ErrorInfo>
          <Message>Test method Tests.BinaryHeapTest.DecreasePriorityTest threw exception: 
System.NullReferenceException: Object reference not set to an instance of an object.</Message>
          <StackTrace>    at PathPlanner.BinaryHeap.DecreasePriority(Node n, Double priority) in C:\Users\ian\Desktop\Classes\311\PathPlanner\PathPlanner\BinaryHeap.cs:line 65
   at Tests.BinaryHeapTest.DecreasePriorityTest() in C:\Users\ian\Desktop\Classes\311\PathPlanner\Tests\BinaryHeapTest.cs:line 97
</StackTrace>
        </ErrorInfo>
      </Output>
    </UnitTestResult>
    <UnitTestResult executionId="d40e1349-94cc-4e47-99c8-fbd8b2a144c4" testId="d5c434d6-1448-5201-3bdb-4e299f8d2027" testName="CountTest" computerName="TOTORO" duration="00:00:00.0105016" startTime="2012-05-21T21:02:31.6945517-05:00" endTime="2012-05-21T21:02:31.7257518-05:00" testType="13cdc9d9-ddb5-4fa4-a97d-d965ccfc6d4b" outcome="Inconclusive" testListId="8c84fa94-04c1-424b-9868-57a2d4851a1d" relativeResultsDirectory="d40e1349-94cc-4e47-99c8-fbd8b2a144c4">
      <Output>
        <ErrorInfo>
          <Message>Assert.Inconclusive failed. Verify the correctness of this test method.</Message>
          <StackTrace>   at Tests.BinaryHeapTest.CountTest() in C:\Users\ian\Desktop\Classes\311\PathPlanner\Tests\BinaryHeapTest.cs:line 161
</StackTrace>
        </ErrorInfo>
      </Output>
    </UnitTestResult>
  </Results>
</TestRun>